# serializer version: 1
# name: test_format_response
  dict({
    'data': list([
      dict({
        'email': 'email1@example.com',
        'emails': list([
          'email2@example.com',
          'email3@example.com',
        ]),
        'internal_id': 123,
      }),
      dict({
        'internal_key': '@@@',
        'internal_keys': list([
          dict({
            'internal_key': 'value',
          }),
          dict({
            'key': '@value',
          }),
        ]),
      }),
    ]),
  })
# ---
